<?xml version="1.0" encoding="utf-8"?>
<TestRun id="2d5a4da6-4efd-4b45-aeb3-c1d5d611b95f" name="runneradmin@runnervmg7671 2026-08-23 14:31:59" runUser="runnervmg7671\runneradmin" xmlns="http://microsoft.com/schemas/VisualStudio/TeamTest/2010">
  <Times creation="2026-08-23T14:31:59.6826445+00:00" queuing="2026-08-23T14:31:59.6826448+00:00" start="2026-08-23T14:31:58.2838393+00:00" finish="2026-08-23T14:31:59.7714086+00:00" />
  <TestSettings name="default" id="04d956e8-0d27-43a2-8592-1b4fc7f4a2bb">
    <Deployment runDeploymentRoot="runneradmin_runnervmg7671_2026-08-23_14_31_59" />
  </TestSettings>
  <Results>
    <UnitTestResult executionId="921231c8-7e00-4348-a83b-0d670ff0c35a" testId="0ad0fcf5-4634-a813-8a40-afad74776b75" testName="DeskBoxWhite.Tests.SearchCoreNativeBackendTests.Query_HonorsPreCancelledManagedTokenWithoutEnteringNativeScan" computerName="runnervmg7671" duration="00:00:00.0025845" startTime="2026-08-23T14:31:59.5586516+00:00" endTime="2026-08-23T14:31:59.5586518+00:00" testType="13cdc9d9-ddb5-4fa4-a97d-d965ccfc6d4b" outcome="Passed" testListId="8c84fa94-04c1-424b-9868-57a2d4851a1d" relativeResultsDirectory="921231c8-7e00-4348-a83b-0d670ff0c35a" />
    <UnitTestResult executionId="0b34324f-5409-4058-989e-1d066fda6180" testId="b45b111c-eec5-cbec-4e43-ff0e328844aa" testName="DeskBoxWhite.Tests.SearchCoreNativeBackendTests.DbixDirectOpen_MatchesManagedResultsWithoutBuildLookup" computerName="runnervmg7671" duration="00:00:00.1105846" startTime="2026-08-23T14:31:59.5267785+00:00" endTime="2026-08-23T14:31:59.5268088+00:00" testType="13cdc9d9-ddb5-4fa4-a97d-d965ccfc6d4b" outcome="Passed" testListId="8c84fa94-04c1-424b-9868-57a2d4851a1d" relativeResultsDirectory="0b34324f-5409-4058-989e-1d066fda6180" />
    <UnitTestResult executionId="8e33b42c-c6c9-469e-8c72-7b3617651fee" testId="4be1dceb-506c-281d-5230-3cfd65a3c609" testName="DeskBoxWhite.Tests.SearchCoreNativeBackendTests.SealedIndex_DeduplicatesDirectoriesAndDropsBuildOnlyLookupMemory" computerName="runnervmg7671" duration="00:00:00.0387899" startTime="2026-08-23T14:31:59.6563087+00:00" endTime="2026-08-23T14:31:59.6563089+00:00" testType="13cdc9d9-ddb5-4fa4-a97d-d965ccfc6d4b" outcome="Passed" testListId="8c84fa94-04c1-424b-9868-57a2d4851a1d" relativeResultsDirectory="8e33b42c-c6c9-469e-8c72-7b3617651fee">
      <Output>
        <StdOut>entries=20,000; directories=1; native-tracked=1,800,124; managed-full-path-utf16-floor=3,320,000; ratio=54.22%</StdOut>
      </Output>
    </UnitTestResult>
    <UnitTestResult executionId="ad6359ed-b147-4516-890f-f79965b4940b" testId="7a120a74-02d8-162d-d61d-8a3fa2dcba79" testName="DeskBoxWhite.Tests.SearchCoreNativeBackendTests.AbiV3Mutation_IsAtomicAndReconcilesStaleTreeWithoutDroppingUpsert" computerName="runnervmg7671" duration="00:00:00.0103514" startTime="2026-08-23T14:31:59.5431457+00:00" endTime="2026-08-23T14:31:59.5431458+00:00" testType="13cdc9d9-ddb5-4fa4-a97d-d965ccfc6d4b" outcome="Passed" testListId="8c84fa94-04c1-424b-9868-57a2d4851a1d" relativeResultsDirectory="ad6359ed-b147-4516-890f-f79965b4940b" />
    <UnitTestResult executionId="c7529c50-7e1d-42aa-b87e-0eed5e1fb9f1" testId="6d9cd821-963c-7d82-c659-5a3e550372a9" testName="DeskBoxWhite.Tests.SearchCoreNativeBackendTests.DbixDirectOpen_HonorsPreCancelledToken" computerName="runnervmg7671" duration="00:00:00.0029530" startTime="2026-08-23T14:31:59.6156585+00:00" endTime="2026-08-23T14:31:59.6156587+00:00" testType="13cdc9d9-ddb5-4fa4-a97d-d965ccfc6d4b" outcome="Passed" testListId="8c84fa94-04c1-424b-9868-57a2d4851a1d" relativeResultsDirectory="c7529c50-7e1d-42aa-b87e-0eed5e1fb9f1" />
    <UnitTestResult executionId="5da90919-dffb-4cdf-aa7a-bb71aebbfcb8" testId="2bccc951-a98c-9196-6f1d-28ebc909a021" testName="DeskBoxWhite.Tests.SearchCoreNativeBackendTests.DbixFailure_NeverExposesPartialHandleOrInvalidatesOpenedIndex" computerName="runnervmg7671" duration="00:00:00.0052422" startTime="2026-08-23T14:31:59.5892406+00:00" endTime="2026-08-23T14:31:59.5892408+00:00" testType="13cdc9d9-ddb5-4fa4-a97d-d965ccfc6d4b" outcome="Passed" testListId="8c84fa94-04c1-424b-9868-57a2d4851a1d" relativeResultsDirectory="5da90919-dffb-4cdf-aa7a-bb71aebbfcb8" />
    <UnitTestResult executionId="1080a3c8-588f-4ed3-9ed7-87633b11411b" testId="e9de495b-8c04-ec06-3adb-5407840796f7" testName="DeskBoxWhite.Tests.SearchCoreNativeBackendTests.Loader_RejectsMissingAbsoluteModuleWithoutChangingProductBackend" computerName="runnervmg7671" duration="00:00:00.0009616" startTime="2026-08-23T14:31:59.5454367+00:00" endTime="2026-08-23T14:31:59.5454367+00:00" testType="13cdc9d9-ddb5-4fa4-a97d-d965ccfc6d4b" outcome="Passed" testListId="8c84fa94-04c1-424b-9868-57a2d4851a1d" relativeResultsDirectory="1080a3c8-588f-4ed3-9ed7-87633b11411b" />
    <UnitTestResult executionId="2599ccc4-778c-4ef4-bb02-54071fae3977" testId="c69ad9c8-ec3e-c4df-ca08-40efac74da6d" testName="DeskBoxWhite.Tests.SearchCoreNativeBackendTests.AbiV3SaveDbix_PersistsOnlyLiveTransactionStateAndReloads" computerName="runnervmg7671" duration="00:00:00.0232390" startTime="2026-08-23T14:31:59.6125924+00:00" endTime="2026-08-23T14:31:59.6125928+00:00" testType="13cdc9d9-ddb5-4fa4-a97d-d965ccfc6d4b" outcome="Passed" testListId="8c84fa94-04c1-424b-9868-57a2d4851a1d" relativeResultsDirectory="2599ccc4-778c-4ef4-bb02-54071fae3977" />
    <UnitTestResult executionId="e7bbb704-27da-4841-90b4-3e67a12857ce" testId="193e6af3-fb8f-be37-8f59-2810ba66f6a6" testName="DeskBoxWhite.Tests.Arm64NativeRuntimeGateTests.OptInGate_LoadsBothArm64ModulesAndExecutesSearchCoreProductCall" computerName="runnervmg7671" duration="00:00:00.0073733" startTime="2026-08-23T14:31:59.6644854+00:00" endTime="2026-08-23T14:31:59.6644856+00:00" testType="13cdc9d9-ddb5-4fa4-a97d-d965ccfc6d4b" outcome="Passed" testListId="8c84fa94-04c1-424b-9868-57a2d4851a1d" relativeResultsDirectory="e7bbb704-27da-4841-90b4-3e67a12857ce" />
    <UnitTestResult executionId="503f698e-4ab9-488d-ac10-22610f71eef9" testId="833e7b8a-8d38-bb42-a605-72e5ed42f98e" testName="DeskBoxWhite.Tests.SearchCoreNativeBackendTests.RustBackend_MatchesCurrentManagedOrderScoresAndTextProjection" computerName="runnervmg7671" duration="00:00:00.0181057" startTime="2026-08-23T14:31:59.5559658+00:00" endTime="2026-08-23T14:31:59.5559661+00:00" testType="13cdc9d9-ddb5-4fa4-a97d-d965ccfc6d4b" outcome="Passed" testListId="8c84fa94-04c1-424b-9868-57a2d4851a1d" relativeResultsDirectory="503f698e-4ab9-488d-ac10-22610f71eef9" />
    <UnitTestResult executionId="ffef5f4e-baec-441e-bdd0-ed83140e2124" testId="0794fdda-6bba-a0a2-da1a-741da3563b26" testName="DeskBoxWhite.Tests.SearchCoreNativeBackendTests.AbiV3RecentAndFrequentProjections_MatchManagedIndex" computerName="runnervmg7671" duration="00:00:00.0251266" startTime="2026-08-23T14:31:59.5838860+00:00" endTime="2026-08-23T14:31:59.5838863+00:00" testType="13cdc9d9-ddb5-4fa4-a97d-d965ccfc6d4b" outcome="Passed" testListId="8c84fa94-04c1-424b-9868-57a2d4851a1d" relativeResultsDirectory="ffef5f4e-baec-441e-bdd0-ed83140e2124" />
  </Results>
  <TestDefinitions>
    <UnitTest name="DeskBoxWhite.Tests.SearchCoreNativeBackendTests.DbixFailure_NeverExposesPartialHandleOrInvalidatesOpenedIndex" storage="c:\a\deskboxwhite\deskboxwhite\tests\deskboxwhite.tests\bin\arm64\release\net10.0-windows10.0.22621.0\win-arm64\deskboxwhite.tests.dll" id="2bccc951-a98c-9196-6f1d-28ebc909a021">
      <Execution id="5da90919-dffb-4cdf-aa7a-bb71aebbfcb8" />
      <TestMethod codeBase="C:\a\DeskBoxWhite\DeskBoxWhite\tests\DeskBoxWhite.Tests\bin\ARM64\Release\net10.0-windows10.0.22621.0\win-arm64\DeskBoxWhite.Tests.dll" adapterTypeName="executor://xunit/VsTestRunner2/netcoreapp" className="DeskBoxWhite.Tests.SearchCoreNativeBackendTests" name="DbixFailure_NeverExposesPartialHandleOrInvalidatesOpenedIndex" />
    </UnitTest>
    <UnitTest name="DeskBoxWhite.Tests.SearchCoreNativeBackendTests.DbixDirectOpen_MatchesManagedResultsWithoutBuildLookup" storage="c:\a\deskboxwhite\deskboxwhite\tests\deskboxwhite.tests\bin\arm64\release\net10.0-windows10.0.22621.0\win-arm64\deskboxwhite.tests.dll" id="b45b111c-eec5-cbec-4e43-ff0e328844aa">
      <Execution id="0b34324f-5409-4058-989e-1d066fda6180" />
      <TestMethod codeBase="C:\a\DeskBoxWhite\DeskBoxWhite\tests\DeskBoxWhite.Tests\bin\ARM64\Release\net10.0-windows10.0.22621.0\win-arm64\DeskBoxWhite.Tests.dll" adapterTypeName="executor://xunit/VsTestRunner2/netcoreapp" className="DeskBoxWhite.Tests.SearchCoreNativeBackendTests" name="DbixDirectOpen_MatchesManagedResultsWithoutBuildLookup" />
    </UnitTest>
    <UnitTest name="DeskBoxWhite.Tests.SearchCoreNativeBackendTests.SealedIndex_DeduplicatesDirectoriesAndDropsBuildOnlyLookupMemory" storage="c:\a\deskboxwhite\deskboxwhite\tests\deskboxwhite.tests\bin\arm64\release\net10.0-windows10.0.22621.0\win-arm64\deskboxwhite.tests.dll" id="4be1dceb-506c-281d-5230-3cfd65a3c609">
      <Execution id="8e33b42c-c6c9-469e-8c72-7b3617651fee" />
      <TestMethod codeBase="C:\a\DeskBoxWhite\DeskBoxWhite\tests\DeskBoxWhite.Tests\bin\ARM64\Release\net10.0-windows10.0.22621.0\win-arm64\DeskBoxWhite.Tests.dll" adapterTypeName="executor://xunit/VsTestRunner2/netcoreapp" className="DeskBoxWhite.Tests.SearchCoreNativeBackendTests" name="SealedIndex_DeduplicatesDirectoriesAndDropsBuildOnlyLookupMemory" />
    </UnitTest>
    <UnitTest name="DeskBoxWhite.Tests.SearchCoreNativeBackendTests.AbiV3Mutation_IsAtomicAndReconcilesStaleTreeWithoutDroppingUpsert" storage="c:\a\deskboxwhite\deskboxwhite\tests\deskboxwhite.tests\bin\arm64\release\net10.0-windows10.0.22621.0\win-arm64\deskboxwhite.tests.dll" id="7a120a74-02d8-162d-d61d-8a3fa2dcba79">
      <Execution id="ad6359ed-b147-4516-890f-f79965b4940b" />
      <TestMethod codeBase="C:\a\DeskBoxWhite\DeskBoxWhite\tests\DeskBoxWhite.Tests\bin\ARM64\Release\net10.0-windows10.0.22621.0\win-arm64\DeskBoxWhite.Tests.dll" adapterTypeName="executor://xunit/VsTestRunner2/netcoreapp" className="DeskBoxWhite.Tests.SearchCoreNativeBackendTests" name="AbiV3Mutation_IsAtomicAndReconcilesStaleTreeWithoutDroppingUpsert" />
    </UnitTest>
    <UnitTest name="DeskBoxWhite.Tests.SearchCoreNativeBackendTests.AbiV3RecentAndFrequentProjections_MatchManagedIndex" storage="c:\a\deskboxwhite\deskboxwhite\tests\deskboxwhite.tests\bin\arm64\release\net10.0-windows10.0.22621.0\win-arm64\deskboxwhite.tests.dll" id="0794fdda-6bba-a0a2-da1a-741da3563b26">
      <Execution id="ffef5f4e-baec-441e-bdd0-ed83140e2124" />
      <TestMethod codeBase="C:\a\DeskBoxWhite\DeskBoxWhite\tests\DeskBoxWhite.Tests\bin\ARM64\Release\net10.0-windows10.0.22621.0\win-arm64\DeskBoxWhite.Tests.dll" adapterTypeName="executor://xunit/VsTestRunner2/netcoreapp" className="DeskBoxWhite.Tests.SearchCoreNativeBackendTests" name="AbiV3RecentAndFrequentProjections_MatchManagedIndex" />
    </UnitTest>
    <UnitTest name="DeskBoxWhite.Tests.SearchCoreNativeBackendTests.Loader_RejectsMissingAbsoluteModuleWithoutChangingProductBackend" storage="c:\a\deskboxwhite\deskboxwhite\tests\deskboxwhite.tests\bin\arm64\release\net10.0-windows10.0.22621.0\win-arm64\deskboxwhite.tests.dll" id="e9de495b-8c04-ec06-3adb-5407840796f7">
      <Execution id="1080a3c8-588f-4ed3-9ed7-87633b11411b" />
      <TestMethod codeBase="C:\a\DeskBoxWhite\DeskBoxWhite\tests\DeskBoxWhite.Tests\bin\ARM64\Release\net10.0-windows10.0.22621.0\win-arm64\DeskBoxWhite.Tests.dll" adapterTypeName="executor://xunit/VsTestRunner2/netcoreapp" className="DeskBoxWhite.Tests.SearchCoreNativeBackendTests" name="Loader_RejectsMissingAbsoluteModuleWithoutChangingProductBackend" />
    </UnitTest>
    <UnitTest name="DeskBoxWhite.Tests.Arm64NativeRuntimeGateTests.OptInGate_LoadsBothArm64ModulesAndExecutesSearchCoreProductCall" storage="c:\a\deskboxwhite\deskboxwhite\tests\deskboxwhite.tests\bin\arm64\release\net10.0-windows10.0.22621.0\win-arm64\deskboxwhite.tests.dll" id="193e6af3-fb8f-be37-8f59-2810ba66f6a6">
      <Execution id="e7bbb704-27da-4841-90b4-3e67a12857ce" />
      <TestMethod codeBase="C:\a\DeskBoxWhite\DeskBoxWhite\tests\DeskBoxWhite.Tests\bin\ARM64\Release\net10.0-windows10.0.22621.0\win-arm64\DeskBoxWhite.Tests.dll" adapterTypeName="executor://xunit/VsTestRunner2/netcoreapp" className="DeskBoxWhite.Tests.Arm64NativeRuntimeGateTests" name="OptInGate_LoadsBothArm64ModulesAndExecutesSearchCoreProductCall" />
    </UnitTest>
    <UnitTest name="DeskBoxWhite.Tests.SearchCoreNativeBackendTests.AbiV3SaveDbix_PersistsOnlyLiveTransactionStateAndReloads" storage="c:\a\deskboxwhite\deskboxwhite\tests\deskboxwhite.tests\bin\arm64\release\net10.0-windows10.0.22621.0\win-arm64\deskboxwhite.tests.dll" id="c69ad9c8-ec3e-c4df-ca08-40efac74da6d">
      <Execution id="2599ccc4-778c-4ef4-bb02-54071fae3977" />
      <TestMethod codeBase="C:\a\DeskBoxWhite\DeskBoxWhite\tests\DeskBoxWhite.Tests\bin\ARM64\Release\net10.0-windows10.0.22621.0\win-arm64\DeskBoxWhite.Tests.dll" adapterTypeName="executor://xunit/VsTestRunner2/netcoreapp" className="DeskBoxWhite.Tests.SearchCoreNativeBackendTests" name="AbiV3SaveDbix_PersistsOnlyLiveTransactionStateAndReloads" />
    </UnitTest>
    <UnitTest name="DeskBoxWhite.Tests.SearchCoreNativeBackendTests.DbixDirectOpen_HonorsPreCancelledToken" storage="c:\a\deskboxwhite\deskboxwhite\tests\deskboxwhite.tests\bin\arm64\release\net10.0-windows10.0.22621.0\win-arm64\deskboxwhite.tests.dll" id="6d9cd821-963c-7d82-c659-5a3e550372a9">
      <Execution id="c7529c50-7e1d-42aa-b87e-0eed5e1fb9f1" />
      <TestMethod codeBase="C:\a\DeskBoxWhite\DeskBoxWhite\tests\DeskBoxWhite.Tests\bin\ARM64\Release\net10.0-windows10.0.22621.0\win-arm64\DeskBoxWhite.Tests.dll" adapterTypeName="executor://xunit/VsTestRunner2/netcoreapp" className="DeskBoxWhite.Tests.SearchCoreNativeBackendTests" name="DbixDirectOpen_HonorsPreCancelledToken" />
    </UnitTest>
    <UnitTest name="DeskBoxWhite.Tests.SearchCoreNativeBackendTests.RustBackend_MatchesCurrentManagedOrderScoresAndTextProjection" storage="c:\a\deskboxwhite\deskboxwhite\tests\deskboxwhite.tests\bin\arm64\release\net10.0-windows10.0.22621.0\win-arm64\deskboxwhite.tests.dll" id="833e7b8a-8d38-bb42-a605-72e5ed42f98e">
      <Execution id="503f698e-4ab9-488d-ac10-22610f71eef9" />
      <TestMethod codeBase="C:\a\DeskBoxWhite\DeskBoxWhite\tests\DeskBoxWhite.Tests\bin\ARM64\Release\net10.0-windows10.0.22621.0\win-arm64\DeskBoxWhite.Tests.dll" adapterTypeName="executor://xunit/VsTestRunner2/netcoreapp" className="DeskBoxWhite.Tests.SearchCoreNativeBackendTests" name="RustBackend_MatchesCurrentManagedOrderScoresAndTextProjection" />
    </UnitTest>
    <UnitTest name="DeskBoxWhite.Tests.SearchCoreNativeBackendTests.Query_HonorsPreCancelledManagedTokenWithoutEnteringNativeScan" storage="c:\a\deskboxwhite\deskboxwhite\tests\deskboxwhite.tests\bin\arm64\release\net10.0-windows10.0.22621.0\win-arm64\deskboxwhite.tests.dll" id="0ad0fcf5-4634-a813-8a40-afad74776b75">
      <Execution id="921231c8-7e00-4348-a83b-0d670ff0c35a" />
      <TestMethod codeBase="C:\a\DeskBoxWhite\DeskBoxWhite\tests\DeskBoxWhite.Tests\bin\ARM64\Release\net10.0-windows10.0.22621.0\win-arm64\DeskBoxWhite.Tests.dll" adapterTypeName="executor://xunit/VsTestRunner2/netcoreapp" className="DeskBoxWhite.Tests.SearchCoreNativeBackendTests" name="Query_HonorsPreCancelledManagedTokenWithoutEnteringNativeScan" />
    </UnitTest>
  </TestDefinitions>
  <TestEntries>
    <TestEntry testId="0ad0fcf5-4634-a813-8a40-afad74776b75" executionId="921231c8-7e00-4348-a83b-0d670ff0c35a" testListId="8c84fa94-04c1-424b-9868-57a2d4851a1d" />
    <TestEntry testId="b45b111c-eec5-cbec-4e43-ff0e328844aa" executionId="0b34324f-5409-4058-989e-1d066fda6180" testListId="8c84fa94-04c1-424b-9868-57a2d4851a1d" />
    <TestEntry testId="4be1dceb-506c-281d-5230-3cfd65a3c609" executionId="8e33b42c-c6c9-469e-8c72-7b3617651fee" testListId="8c84fa94-04c1-424b-9868-57a2d4851a1d" />
    <TestEntry testId="7a120a74-02d8-162d-d61d-8a3fa2dcba79" executionId="ad6359ed-b147-4516-890f-f79965b4940b" testListId="8c84fa94-04c1-424b-9868-57a2d4851a1d" />
    <TestEntry testId="6d9cd821-963c-7d82-c659-5a3e550372a9" executionId="c7529c50-7e1d-42aa-b87e-0eed5e1fb9f1" testListId="8c84fa94-04c1-424b-9868-57a2d4851a1d" />
    <TestEntry testId="2bccc951-a98c-9196-6f1d-28ebc909a021" executionId="5da90919-dffb-4cdf-aa7a-bb71aebbfcb8" testListId="8c84fa94-04c1-424b-9868-57a2d4851a1d" />
    <TestEntry testId="e9de495b-8c04-ec06-3adb-5407840796f7" executionId="1080a3c8-588f-4ed3-9ed7-87633b11411b" testListId="8c84fa94-04c1-424b-9868-57a2d4851a1d" />
    <TestEntry testId="c69ad9c8-ec3e-c4df-ca08-40efac74da6d" executionId="2599ccc4-778c-4ef4-bb02-54071fae3977" testListId="8c84fa94-04c1-424b-9868-57a2d4851a1d" />
    <TestEntry testId="193e6af3-fb8f-be37-8f59-2810ba66f6a6" executionId="e7bbb704-27da-4841-90b4-3e67a12857ce" testListId="8c84fa94-04c1-424b-9868-57a2d4851a1d" />
    <TestEntry testId="833e7b8a-8d38-bb42-a605-72e5ed42f98e" executionId="503f698e-4ab9-488d-ac10-22610f71eef9" testListId="8c84fa94-04c1-424b-9868-57a2d4851a1d" />
    <TestEntry testId="0794fdda-6bba-a0a2-da1a-741da3563b26" executionId="ffef5f4e-baec-441e-bdd0-ed83140e2124" testListId="8c84fa94-04c1-424b-9868-57a2d4851a1d" />
  </TestEntries>
  <TestLists>
    <TestList name="Results Not in a List" id="8c84fa94-04c1-424b-9868-57a2d4851a1d" />
    <TestList name="All Loaded Results" id="19431567-8539-422a-85d7-44ee4e166bda" />
  </TestLists>
  <ResultSummary outcome="Completed">
    <Counters total="11" executed="11" passed="11" failed="0" error="0" timeout="0" aborted="0" inconclusive="0" passedButRunAborted="0" notRunnable="0" notExecuted="0" disconnected="0" warning="0" completed="0" inProgress="0" pending="0" />
    <Output>
      <StdOut>[xUnit.net 00:00:00.00] xUnit.net VSTest Adapter v2.5.3.1+6b60a9e56a (64-bit .NET 10.0.11)&#xD;
[xUnit.net 00:00:00.10]   Discovering: DeskBoxWhite.Tests&#xD;
[xUnit.net 00:00:00.41]   Discovered:  DeskBoxWhite.Tests&#xD;
[xUnit.net 00:00:00.42]   Starting:    DeskBoxWhite.Tests&#xD;
[xUnit.net 00:00:00.71]   Finished:    DeskBoxWhite.Tests&#xD;
</StdOut>
    </Output>
    <RunInfos>
      <RunInfo computerName="runnervmg7671" outcome="Warning" timestamp="2026-08-23T14:31:59.7178186+00:00">
        <Text>Data collector 'Blame' message: All tests finished running, Sequence file will not be generated.</Text>
      </RunInfo>
    </RunInfos>
  </ResultSummary>
</TestRun>