<?xml version="1.0" encoding="utf-8"?>
<TestRun id="e48f7fe4-9b16-4049-9740-523412bfe2c7" name="runneradmin@runnervmg7671 2026-08-23 14:14:38" runUser="runnervmg7671\runneradmin" xmlns="http://microsoft.com/schemas/VisualStudio/TeamTest/2010">
  <Times creation="2026-08-23T14:14:38.8388915+00:00" queuing="2026-08-23T14:14:38.8388919+00:00" start="2026-08-23T14:14:37.3747462+00:00" finish="2026-08-23T14:14:38.9245345+00:00" />
  <TestSettings name="default" id="113e5536-de61-403c-a8c1-7b21e01d8b7c">
    <Deployment runDeploymentRoot="runneradmin_runnervmg7671_2026-08-23_14_14_38" />
  </TestSettings>
  <Results>
    <UnitTestResult executionId="ca88e4e8-c07e-4765-9a2b-50cbc7466757" testId="0794fdda-6bba-a0a2-da1a-741da3563b26" testName="DeskBoxWhite.Tests.SearchCoreNativeBackendTests.AbiV3RecentAndFrequentProjections_MatchManagedIndex" computerName="runnervmg7671" duration="00:00:00.0259865" startTime="2026-08-23T14:14:38.7443972+00:00" endTime="2026-08-23T14:14:38.7443977+00:00" testType="13cdc9d9-ddb5-4fa4-a97d-d965ccfc6d4b" outcome="Passed" testListId="8c84fa94-04c1-424b-9868-57a2d4851a1d" relativeResultsDirectory="ca88e4e8-c07e-4765-9a2b-50cbc7466757" />
    <UnitTestResult executionId="456147d7-31b0-4cf5-8869-e97c877a18cc" testId="7a120a74-02d8-162d-d61d-8a3fa2dcba79" testName="DeskBoxWhite.Tests.SearchCoreNativeBackendTests.AbiV3Mutation_IsAtomicAndReconcilesStaleTreeWithoutDroppingUpsert" computerName="runnervmg7671" duration="00:00:00.0079551" startTime="2026-08-23T14:14:38.6968637+00:00" endTime="2026-08-23T14:14:38.6968641+00:00" testType="13cdc9d9-ddb5-4fa4-a97d-d965ccfc6d4b" outcome="Passed" testListId="8c84fa94-04c1-424b-9868-57a2d4851a1d" relativeResultsDirectory="456147d7-31b0-4cf5-8869-e97c877a18cc" />
    <UnitTestResult executionId="e60c291a-42c5-4414-958b-ebbee034e02d" testId="4be1dceb-506c-281d-5230-3cfd65a3c609" testName="DeskBoxWhite.Tests.SearchCoreNativeBackendTests.SealedIndex_DeduplicatesDirectoriesAndDropsBuildOnlyLookupMemory" computerName="runnervmg7671" duration="00:00:00.0401574" startTime="2026-08-23T14:14:38.8122865+00:00" endTime="2026-08-23T14:14:38.8122866+00:00" testType="13cdc9d9-ddb5-4fa4-a97d-d965ccfc6d4b" outcome="Passed" testListId="8c84fa94-04c1-424b-9868-57a2d4851a1d" relativeResultsDirectory="e60c291a-42c5-4414-958b-ebbee034e02d">
      <Output>
        <StdOut>entries=20,000; directories=1; native-tracked=1,800,124; managed-full-path-utf16-floor=3,320,000; ratio=54.22%</StdOut>
      </Output>
    </UnitTestResult>
    <UnitTestResult executionId="812277ac-5212-41b7-9083-78389263d390" testId="6d9cd821-963c-7d82-c659-5a3e550372a9" testName="DeskBoxWhite.Tests.SearchCoreNativeBackendTests.DbixDirectOpen_HonorsPreCancelledToken" computerName="runnervmg7671" duration="00:00:00.0032489" startTime="2026-08-23T14:14:38.8103047+00:00" endTime="2026-08-23T14:14:38.8103049+00:00" testType="13cdc9d9-ddb5-4fa4-a97d-d965ccfc6d4b" outcome="Passed" testListId="8c84fa94-04c1-424b-9868-57a2d4851a1d" relativeResultsDirectory="812277ac-5212-41b7-9083-78389263d390" />
    <UnitTestResult executionId="406962a5-f9eb-4030-899f-3cc98582cdee" testId="c69ad9c8-ec3e-c4df-ca08-40efac74da6d" testName="DeskBoxWhite.Tests.SearchCoreNativeBackendTests.AbiV3SaveDbix_PersistsOnlyLiveTransactionStateAndReloads" computerName="runnervmg7671" duration="00:00:00.0172518" startTime="2026-08-23T14:14:38.7676529+00:00" endTime="2026-08-23T14:14:38.7676535+00:00" testType="13cdc9d9-ddb5-4fa4-a97d-d965ccfc6d4b" outcome="Passed" testListId="8c84fa94-04c1-424b-9868-57a2d4851a1d" relativeResultsDirectory="406962a5-f9eb-4030-899f-3cc98582cdee" />
    <UnitTestResult executionId="93c12011-b574-4728-bb7c-48c07d3cc1b2" testId="e9de495b-8c04-ec06-3adb-5407840796f7" testName="DeskBoxWhite.Tests.SearchCoreNativeBackendTests.Loader_RejectsMissingAbsoluteModuleWithoutChangingProductBackend" computerName="runnervmg7671" duration="00:00:00.0007473" startTime="2026-08-23T14:14:38.6983617+00:00" endTime="2026-08-23T14:14:38.6983619+00:00" testType="13cdc9d9-ddb5-4fa4-a97d-d965ccfc6d4b" outcome="Passed" testListId="8c84fa94-04c1-424b-9868-57a2d4851a1d" relativeResultsDirectory="93c12011-b574-4728-bb7c-48c07d3cc1b2" />
    <UnitTestResult executionId="ccc82dbe-95ff-42d6-93af-7199c10ca3dd" testId="b45b111c-eec5-cbec-4e43-ff0e328844aa" testName="DeskBoxWhite.Tests.SearchCoreNativeBackendTests.DbixDirectOpen_MatchesManagedResultsWithoutBuildLookup" computerName="runnervmg7671" duration="00:00:00.1037718" startTime="2026-08-23T14:14:38.6888235+00:00" endTime="2026-08-23T14:14:38.6888238+00:00" testType="13cdc9d9-ddb5-4fa4-a97d-d965ccfc6d4b" outcome="Passed" testListId="8c84fa94-04c1-424b-9868-57a2d4851a1d" relativeResultsDirectory="ccc82dbe-95ff-42d6-93af-7199c10ca3dd" />
    <UnitTestResult executionId="e9cfa632-fc4b-4250-b669-cba8c2aca2bc" testId="833e7b8a-8d38-bb42-a605-72e5ed42f98e" testName="DeskBoxWhite.Tests.SearchCoreNativeBackendTests.RustBackend_MatchesCurrentManagedOrderScoresAndTextProjection" computerName="runnervmg7671" duration="00:00:00.0176047" startTime="2026-08-23T14:14:38.7154420+00:00" endTime="2026-08-23T14:14:38.7154424+00:00" testType="13cdc9d9-ddb5-4fa4-a97d-d965ccfc6d4b" outcome="Passed" testListId="8c84fa94-04c1-424b-9868-57a2d4851a1d" relativeResultsDirectory="e9cfa632-fc4b-4250-b669-cba8c2aca2bc" />
    <UnitTestResult executionId="1d73e7f0-fa87-4c31-9d1e-e6ae6c481987" testId="193e6af3-fb8f-be37-8f59-2810ba66f6a6" testName="DeskBoxWhite.Tests.Arm64NativeRuntimeGateTests.OptInGate_LoadsBothArm64ModulesAndExecutesSearchCoreProductCall" computerName="runnervmg7671" duration="00:00:00.0301328" startTime="2026-08-23T14:14:38.5816885+00:00" endTime="2026-08-23T14:14:38.5817202+00:00" testType="13cdc9d9-ddb5-4fa4-a97d-d965ccfc6d4b" outcome="Passed" testListId="8c84fa94-04c1-424b-9868-57a2d4851a1d" relativeResultsDirectory="1d73e7f0-fa87-4c31-9d1e-e6ae6c481987" />
    <UnitTestResult executionId="e004d283-5d3b-43f0-b751-ee9aae434293" testId="2bccc951-a98c-9196-6f1d-28ebc909a021" testName="DeskBoxWhite.Tests.SearchCoreNativeBackendTests.DbixFailure_NeverExposesPartialHandleOrInvalidatesOpenedIndex" computerName="runnervmg7671" duration="00:00:00.0057442" startTime="2026-08-23T14:14:38.7502705+00:00" endTime="2026-08-23T14:14:38.7502709+00:00" testType="13cdc9d9-ddb5-4fa4-a97d-d965ccfc6d4b" outcome="Passed" testListId="8c84fa94-04c1-424b-9868-57a2d4851a1d" relativeResultsDirectory="e004d283-5d3b-43f0-b751-ee9aae434293" />
    <UnitTestResult executionId="c0e3e60f-bba1-40e0-8a67-b7a665e2923e" testId="0ad0fcf5-4634-a813-8a40-afad74776b75" testName="DeskBoxWhite.Tests.SearchCoreNativeBackendTests.Query_HonorsPreCancelledManagedTokenWithoutEnteringNativeScan" computerName="runnervmg7671" duration="00:00:00.0027227" startTime="2026-08-23T14:14:38.7182854+00:00" endTime="2026-08-23T14:14:38.7182856+00:00" testType="13cdc9d9-ddb5-4fa4-a97d-d965ccfc6d4b" outcome="Passed" testListId="8c84fa94-04c1-424b-9868-57a2d4851a1d" relativeResultsDirectory="c0e3e60f-bba1-40e0-8a67-b7a665e2923e" />
  </Results>
  <TestDefinitions>
    <UnitTest name="DeskBoxWhite.Tests.SearchCoreNativeBackendTests.DbixFailure_NeverExposesPartialHandleOrInvalidatesOpenedIndex" storage="c:\a\deskboxwhite\deskboxwhite\tests\deskboxwhite.tests\bin\arm64\release\net10.0-windows10.0.22621.0\win-arm64\deskboxwhite.tests.dll" id="2bccc951-a98c-9196-6f1d-28ebc909a021">
      <Execution id="e004d283-5d3b-43f0-b751-ee9aae434293" />
      <TestMethod codeBase="C:\a\DeskBoxWhite\DeskBoxWhite\tests\DeskBoxWhite.Tests\bin\ARM64\Release\net10.0-windows10.0.22621.0\win-arm64\DeskBoxWhite.Tests.dll" adapterTypeName="executor://xunit/VsTestRunner2/netcoreapp" className="DeskBoxWhite.Tests.SearchCoreNativeBackendTests" name="DbixFailure_NeverExposesPartialHandleOrInvalidatesOpenedIndex" />
    </UnitTest>
    <UnitTest name="DeskBoxWhite.Tests.SearchCoreNativeBackendTests.DbixDirectOpen_MatchesManagedResultsWithoutBuildLookup" storage="c:\a\deskboxwhite\deskboxwhite\tests\deskboxwhite.tests\bin\arm64\release\net10.0-windows10.0.22621.0\win-arm64\deskboxwhite.tests.dll" id="b45b111c-eec5-cbec-4e43-ff0e328844aa">
      <Execution id="ccc82dbe-95ff-42d6-93af-7199c10ca3dd" />
      <TestMethod codeBase="C:\a\DeskBoxWhite\DeskBoxWhite\tests\DeskBoxWhite.Tests\bin\ARM64\Release\net10.0-windows10.0.22621.0\win-arm64\DeskBoxWhite.Tests.dll" adapterTypeName="executor://xunit/VsTestRunner2/netcoreapp" className="DeskBoxWhite.Tests.SearchCoreNativeBackendTests" name="DbixDirectOpen_MatchesManagedResultsWithoutBuildLookup" />
    </UnitTest>
    <UnitTest name="DeskBoxWhite.Tests.SearchCoreNativeBackendTests.SealedIndex_DeduplicatesDirectoriesAndDropsBuildOnlyLookupMemory" storage="c:\a\deskboxwhite\deskboxwhite\tests\deskboxwhite.tests\bin\arm64\release\net10.0-windows10.0.22621.0\win-arm64\deskboxwhite.tests.dll" id="4be1dceb-506c-281d-5230-3cfd65a3c609">
      <Execution id="e60c291a-42c5-4414-958b-ebbee034e02d" />
      <TestMethod codeBase="C:\a\DeskBoxWhite\DeskBoxWhite\tests\DeskBoxWhite.Tests\bin\ARM64\Release\net10.0-windows10.0.22621.0\win-arm64\DeskBoxWhite.Tests.dll" adapterTypeName="executor://xunit/VsTestRunner2/netcoreapp" className="DeskBoxWhite.Tests.SearchCoreNativeBackendTests" name="SealedIndex_DeduplicatesDirectoriesAndDropsBuildOnlyLookupMemory" />
    </UnitTest>
    <UnitTest name="DeskBoxWhite.Tests.SearchCoreNativeBackendTests.AbiV3Mutation_IsAtomicAndReconcilesStaleTreeWithoutDroppingUpsert" storage="c:\a\deskboxwhite\deskboxwhite\tests\deskboxwhite.tests\bin\arm64\release\net10.0-windows10.0.22621.0\win-arm64\deskboxwhite.tests.dll" id="7a120a74-02d8-162d-d61d-8a3fa2dcba79">
      <Execution id="456147d7-31b0-4cf5-8869-e97c877a18cc" />
      <TestMethod codeBase="C:\a\DeskBoxWhite\DeskBoxWhite\tests\DeskBoxWhite.Tests\bin\ARM64\Release\net10.0-windows10.0.22621.0\win-arm64\DeskBoxWhite.Tests.dll" adapterTypeName="executor://xunit/VsTestRunner2/netcoreapp" className="DeskBoxWhite.Tests.SearchCoreNativeBackendTests" name="AbiV3Mutation_IsAtomicAndReconcilesStaleTreeWithoutDroppingUpsert" />
    </UnitTest>
    <UnitTest name="DeskBoxWhite.Tests.SearchCoreNativeBackendTests.AbiV3RecentAndFrequentProjections_MatchManagedIndex" storage="c:\a\deskboxwhite\deskboxwhite\tests\deskboxwhite.tests\bin\arm64\release\net10.0-windows10.0.22621.0\win-arm64\deskboxwhite.tests.dll" id="0794fdda-6bba-a0a2-da1a-741da3563b26">
      <Execution id="ca88e4e8-c07e-4765-9a2b-50cbc7466757" />
      <TestMethod codeBase="C:\a\DeskBoxWhite\DeskBoxWhite\tests\DeskBoxWhite.Tests\bin\ARM64\Release\net10.0-windows10.0.22621.0\win-arm64\DeskBoxWhite.Tests.dll" adapterTypeName="executor://xunit/VsTestRunner2/netcoreapp" className="DeskBoxWhite.Tests.SearchCoreNativeBackendTests" name="AbiV3RecentAndFrequentProjections_MatchManagedIndex" />
    </UnitTest>
    <UnitTest name="DeskBoxWhite.Tests.SearchCoreNativeBackendTests.Loader_RejectsMissingAbsoluteModuleWithoutChangingProductBackend" storage="c:\a\deskboxwhite\deskboxwhite\tests\deskboxwhite.tests\bin\arm64\release\net10.0-windows10.0.22621.0\win-arm64\deskboxwhite.tests.dll" id="e9de495b-8c04-ec06-3adb-5407840796f7">
      <Execution id="93c12011-b574-4728-bb7c-48c07d3cc1b2" />
      <TestMethod codeBase="C:\a\DeskBoxWhite\DeskBoxWhite\tests\DeskBoxWhite.Tests\bin\ARM64\Release\net10.0-windows10.0.22621.0\win-arm64\DeskBoxWhite.Tests.dll" adapterTypeName="executor://xunit/VsTestRunner2/netcoreapp" className="DeskBoxWhite.Tests.SearchCoreNativeBackendTests" name="Loader_RejectsMissingAbsoluteModuleWithoutChangingProductBackend" />
    </UnitTest>
    <UnitTest name="DeskBoxWhite.Tests.Arm64NativeRuntimeGateTests.OptInGate_LoadsBothArm64ModulesAndExecutesSearchCoreProductCall" storage="c:\a\deskboxwhite\deskboxwhite\tests\deskboxwhite.tests\bin\arm64\release\net10.0-windows10.0.22621.0\win-arm64\deskboxwhite.tests.dll" id="193e6af3-fb8f-be37-8f59-2810ba66f6a6">
      <Execution id="1d73e7f0-fa87-4c31-9d1e-e6ae6c481987" />
      <TestMethod codeBase="C:\a\DeskBoxWhite\DeskBoxWhite\tests\DeskBoxWhite.Tests\bin\ARM64\Release\net10.0-windows10.0.22621.0\win-arm64\DeskBoxWhite.Tests.dll" adapterTypeName="executor://xunit/VsTestRunner2/netcoreapp" className="DeskBoxWhite.Tests.Arm64NativeRuntimeGateTests" name="OptInGate_LoadsBothArm64ModulesAndExecutesSearchCoreProductCall" />
    </UnitTest>
    <UnitTest name="DeskBoxWhite.Tests.SearchCoreNativeBackendTests.AbiV3SaveDbix_PersistsOnlyLiveTransactionStateAndReloads" storage="c:\a\deskboxwhite\deskboxwhite\tests\deskboxwhite.tests\bin\arm64\release\net10.0-windows10.0.22621.0\win-arm64\deskboxwhite.tests.dll" id="c69ad9c8-ec3e-c4df-ca08-40efac74da6d">
      <Execution id="406962a5-f9eb-4030-899f-3cc98582cdee" />
      <TestMethod codeBase="C:\a\DeskBoxWhite\DeskBoxWhite\tests\DeskBoxWhite.Tests\bin\ARM64\Release\net10.0-windows10.0.22621.0\win-arm64\DeskBoxWhite.Tests.dll" adapterTypeName="executor://xunit/VsTestRunner2/netcoreapp" className="DeskBoxWhite.Tests.SearchCoreNativeBackendTests" name="AbiV3SaveDbix_PersistsOnlyLiveTransactionStateAndReloads" />
    </UnitTest>
    <UnitTest name="DeskBoxWhite.Tests.SearchCoreNativeBackendTests.DbixDirectOpen_HonorsPreCancelledToken" storage="c:\a\deskboxwhite\deskboxwhite\tests\deskboxwhite.tests\bin\arm64\release\net10.0-windows10.0.22621.0\win-arm64\deskboxwhite.tests.dll" id="6d9cd821-963c-7d82-c659-5a3e550372a9">
      <Execution id="812277ac-5212-41b7-9083-78389263d390" />
      <TestMethod codeBase="C:\a\DeskBoxWhite\DeskBoxWhite\tests\DeskBoxWhite.Tests\bin\ARM64\Release\net10.0-windows10.0.22621.0\win-arm64\DeskBoxWhite.Tests.dll" adapterTypeName="executor://xunit/VsTestRunner2/netcoreapp" className="DeskBoxWhite.Tests.SearchCoreNativeBackendTests" name="DbixDirectOpen_HonorsPreCancelledToken" />
    </UnitTest>
    <UnitTest name="DeskBoxWhite.Tests.SearchCoreNativeBackendTests.RustBackend_MatchesCurrentManagedOrderScoresAndTextProjection" storage="c:\a\deskboxwhite\deskboxwhite\tests\deskboxwhite.tests\bin\arm64\release\net10.0-windows10.0.22621.0\win-arm64\deskboxwhite.tests.dll" id="833e7b8a-8d38-bb42-a605-72e5ed42f98e">
      <Execution id="e9cfa632-fc4b-4250-b669-cba8c2aca2bc" />
      <TestMethod codeBase="C:\a\DeskBoxWhite\DeskBoxWhite\tests\DeskBoxWhite.Tests\bin\ARM64\Release\net10.0-windows10.0.22621.0\win-arm64\DeskBoxWhite.Tests.dll" adapterTypeName="executor://xunit/VsTestRunner2/netcoreapp" className="DeskBoxWhite.Tests.SearchCoreNativeBackendTests" name="RustBackend_MatchesCurrentManagedOrderScoresAndTextProjection" />
    </UnitTest>
    <UnitTest name="DeskBoxWhite.Tests.SearchCoreNativeBackendTests.Query_HonorsPreCancelledManagedTokenWithoutEnteringNativeScan" storage="c:\a\deskboxwhite\deskboxwhite\tests\deskboxwhite.tests\bin\arm64\release\net10.0-windows10.0.22621.0\win-arm64\deskboxwhite.tests.dll" id="0ad0fcf5-4634-a813-8a40-afad74776b75">
      <Execution id="c0e3e60f-bba1-40e0-8a67-b7a665e2923e" />
      <TestMethod codeBase="C:\a\DeskBoxWhite\DeskBoxWhite\tests\DeskBoxWhite.Tests\bin\ARM64\Release\net10.0-windows10.0.22621.0\win-arm64\DeskBoxWhite.Tests.dll" adapterTypeName="executor://xunit/VsTestRunner2/netcoreapp" className="DeskBoxWhite.Tests.SearchCoreNativeBackendTests" name="Query_HonorsPreCancelledManagedTokenWithoutEnteringNativeScan" />
    </UnitTest>
  </TestDefinitions>
  <TestEntries>
    <TestEntry testId="0794fdda-6bba-a0a2-da1a-741da3563b26" executionId="ca88e4e8-c07e-4765-9a2b-50cbc7466757" testListId="8c84fa94-04c1-424b-9868-57a2d4851a1d" />
    <TestEntry testId="7a120a74-02d8-162d-d61d-8a3fa2dcba79" executionId="456147d7-31b0-4cf5-8869-e97c877a18cc" testListId="8c84fa94-04c1-424b-9868-57a2d4851a1d" />
    <TestEntry testId="4be1dceb-506c-281d-5230-3cfd65a3c609" executionId="e60c291a-42c5-4414-958b-ebbee034e02d" testListId="8c84fa94-04c1-424b-9868-57a2d4851a1d" />
    <TestEntry testId="6d9cd821-963c-7d82-c659-5a3e550372a9" executionId="812277ac-5212-41b7-9083-78389263d390" testListId="8c84fa94-04c1-424b-9868-57a2d4851a1d" />
    <TestEntry testId="c69ad9c8-ec3e-c4df-ca08-40efac74da6d" executionId="406962a5-f9eb-4030-899f-3cc98582cdee" testListId="8c84fa94-04c1-424b-9868-57a2d4851a1d" />
    <TestEntry testId="e9de495b-8c04-ec06-3adb-5407840796f7" executionId="93c12011-b574-4728-bb7c-48c07d3cc1b2" testListId="8c84fa94-04c1-424b-9868-57a2d4851a1d" />
    <TestEntry testId="b45b111c-eec5-cbec-4e43-ff0e328844aa" executionId="ccc82dbe-95ff-42d6-93af-7199c10ca3dd" testListId="8c84fa94-04c1-424b-9868-57a2d4851a1d" />
    <TestEntry testId="833e7b8a-8d38-bb42-a605-72e5ed42f98e" executionId="e9cfa632-fc4b-4250-b669-cba8c2aca2bc" testListId="8c84fa94-04c1-424b-9868-57a2d4851a1d" />
    <TestEntry testId="193e6af3-fb8f-be37-8f59-2810ba66f6a6" executionId="1d73e7f0-fa87-4c31-9d1e-e6ae6c481987" testListId="8c84fa94-04c1-424b-9868-57a2d4851a1d" />
    <TestEntry testId="2bccc951-a98c-9196-6f1d-28ebc909a021" executionId="e004d283-5d3b-43f0-b751-ee9aae434293" testListId="8c84fa94-04c1-424b-9868-57a2d4851a1d" />
    <TestEntry testId="0ad0fcf5-4634-a813-8a40-afad74776b75" executionId="c0e3e60f-bba1-40e0-8a67-b7a665e2923e" testListId="8c84fa94-04c1-424b-9868-57a2d4851a1d" />
  </TestEntries>
  <TestLists>
    <TestList name="Results Not in a List" id="8c84fa94-04c1-424b-9868-57a2d4851a1d" />
    <TestList name="All Loaded Results" id="19431567-8539-422a-85d7-44ee4e166bda" />
  </TestLists>
  <ResultSummary outcome="Completed">
    <Counters total="11" executed="11" passed="11" failed="0" error="0" timeout="0" aborted="0" inconclusive="0" passedButRunAborted="0" notRunnable="0" notExecuted="0" disconnected="0" warning="0" completed="0" inProgress="0" pending="0" />
    <Output>
      <StdOut>[xUnit.net 00:00:00.00] xUnit.net VSTest Adapter v2.5.3.1+6b60a9e56a (64-bit .NET 10.0.11)&#xD;
[xUnit.net 00:00:00.10]   Discovering: DeskBoxWhite.Tests&#xD;
[xUnit.net 00:00:00.42]   Discovered:  DeskBoxWhite.Tests&#xD;
[xUnit.net 00:00:00.42]   Starting:    DeskBoxWhite.Tests&#xD;
[xUnit.net 00:00:00.73]   Finished:    DeskBoxWhite.Tests&#xD;
</StdOut>
    </Output>
    <RunInfos>
      <RunInfo computerName="runnervmg7671" outcome="Warning" timestamp="2026-08-23T14:14:38.8697800+00:00">
        <Text>Data collector 'Blame' message: All tests finished running, Sequence file will not be generated.</Text>
      </RunInfo>
    </RunInfos>
  </ResultSummary>
</TestRun>